// Jest Snapshot v1, https://goo.gl/fbAQLP

exports[`@dash-ui/jest with preact handles elements with no props 1`] = `"<div />"`;

exports[`@dash-ui/jest with preact replaces class names and inserts styles into preact test component snapshots 1`] = `
".dash-ui-1 {
  color: red;
}

.dash-ui-0 {
  width: 100%;
}

<div
  children={
    <svg
      class=\\"dash-ui-0\\"
    />
  }
  class=\\"dash-ui-1\\"
/>"
`;
