// Jest Snapshot v1, https://goo.gl/fbAQLP

exports[`@-ui/jest with preact handles elements with no props 1`] = `"<div />"`;

exports[`@-ui/jest with preact replaces class names and inserts styles into preact test component snapshots 1`] = `
".-ui-1 {
  color: red;
}

.-ui-0 {
  width: 100%;
}

<div
  children={
    <svg
      class=\\"-ui-0\\"
    />
  }
  class=\\"-ui-1\\"
/>"
`;
